 Container timeclock-scale-k6-run-99a38670a1ab Creating 
 Container timeclock-scale-k6-run-99a38670a1ab Created 


  █ TOTAL RESULTS 

    checks_total.......: 23723  1145.007284/s
    checks_succeeded...: 68.00% 16134 out of 23723
    checks_failed......: 31.99% 7589 out of 23723

    ✗ respuesta 200
      ↳  68% — ✓ 16134 / ✗ 7589

    CUSTOM
    shed_503.......................: 7589   366.288424/s

    HTTP
    http_req_duration..............: avg=587.86ms p(50)=281.21ms p(95)=2.82s p(99)=5s    max=5.32s
      { expected_response:true }...: avg=551.73ms p(50)=345.44ms p(95)=1.84s p(99)=3.45s max=5.32s
    http_req_failed................: 31.98% 7589 out of 23724
    http_reqs......................: 23724  1145.055549/s

    EXECUTION
    dropped_iterations.............: 277    13.3696/s
    iteration_duration.............: avg=588.02ms p(50)=281.39ms p(95)=2.82s p(99)=5s    max=5.32s
    iterations.....................: 23723  1145.007284/s
    vus............................: 546    min=537           max=1149
    vus_max........................: 1167   min=1000          max=1167

    NETWORK
    data_received..................: 175 MB 8.5 MB/s
    data_sent......................: 13 MB  630 kB/s



