 Container timeclock-scale-k6-run-d8f96fc31bc4 Creating 
 Container timeclock-scale-k6-run-d8f96fc31bc4 Created 


  █ TOTAL RESULTS 

    checks_total.......: 5918   272.169054/s
    checks_succeeded...: 56.99% 3373 out of 5918
    checks_failed......: 43.00% 2545 out of 5918

    ✗ respuesta 200
      ↳  56% — ✓ 3373 / ✗ 2545

    CUSTOM
    shed_503.......................: 2545   117.044651/s

    HTTP
    http_req_duration..............: avg=966.07ms p(50)=435.58ms p(95)=4.68s p(99)=5.08s max=6.47s
      { expected_response:true }...: avg=1.02s    p(50)=561.94ms p(95)=3.23s p(99)=4.57s max=5.57s
    http_req_failed................: 42.99% 2545 out of 5919
    http_reqs......................: 5919   272.215044/s

    EXECUTION
    dropped_iterations.............: 83     3.817173/s
    iteration_duration.............: avg=966.32ms p(50)=435.69ms p(95)=4.68s p(99)=5.08s max=6.48s
    iterations.....................: 5918   272.169054/s
    vus............................: 121    min=121          max=374
    vus_max........................: 383    min=300          max=383

    NETWORK
    data_received..................: 26 MB  1.2 MB/s
    data_sent......................: 3.3 MB 150 kB/s



