 Container timeclock-scale-k6-run-981c431c836b Creating 
 Container timeclock-scale-k6-run-981c431c836b Created 


  █ TOTAL RESULTS 

    checks_total.......: 12001   597.154407/s
    checks_succeeded...: 100.00% 12001 out of 12001
    checks_failed......: 0.00%   0 out of 12001

    ✓ respuesta 200

    HTTP
    http_req_duration..............: avg=16.05ms p(50)=14.24ms p(95)=34.81ms p(99)=47.48ms max=162.8ms
      { expected_response:true }...: avg=16.05ms p(50)=14.24ms p(95)=34.81ms p(99)=47.48ms max=162.8ms
    http_req_failed................: 0.00%  0 out of 12002
    http_reqs......................: 12002  597.204166/s

    EXECUTION
    iteration_duration.............: avg=16.16ms p(50)=14.36ms p(95)=34.91ms p(99)=47.6ms  max=162.9ms
    iterations.....................: 12001  597.154407/s
    vus............................: 10     min=4          max=15 
    vus_max........................: 600    min=600        max=600

    NETWORK
    data_received..................: 194 MB 9.6 MB/s
    data_sent......................: 6.6 MB 329 kB/s



