 Image timeclock-scale-db Building 
 Image timeclock-scale-pgbouncer Building 
 Image timeclock-scale-migrate Building 
 Image timeclock-scale-backend Building 
 Image timeclock-scale-frontend Building 
#1 [internal] load local bake definitions
#1 reading from stdin 2.75kB done
#1 DONE 0.0s

#2 [pgbouncer internal] load build definition from Dockerfile
#2 transferring dockerfile: 950B done
#2 DONE 0.0s

#3 [migrate internal] load build definition from Dockerfile
#3 transferring dockerfile: 6.45kB done
#3 DONE 0.0s

#4 [frontend internal] load build definition from Dockerfile
#4 transferring dockerfile: 1.41kB done
#4 DONE 0.0s

#5 [db internal] load metadata for docker.io/library/postgres:16-alpine
#5 DONE 0.1s

#6 [migrate internal] load metadata for docker.io/library/python:3.14-slim
#6 ...

#7 [db internal] load .dockerignore
#7 transferring context: 300B done
#7 DONE 0.0s

#8 [db pgbackrest-build 2/3] ADD --checksum=sha256:14037901db002e5536a948bf9f0fc0ff6cde31f4e675d3e9b46f129071bf2e5f     https://github.com/pgbackrest/pgbackrest/releases/download/release/2.59.3/pgbackrest-2.59.3.tar.gz     /tmp/pgbackrest.tar.gz
#8 DONE 0.0s

#9 [db pgbackrest-build 1/3] FROM docker.io/library/postgres:16-alpine@sha256:721873c34ceb9f8d8fc265984940dc982404c105f19ad51be9fdc5970a6080ea
#9 resolve docker.io/library/postgres:16-alpine@sha256:721873c34ceb9f8d8fc265984940dc982404c105f19ad51be9fdc5970a6080ea done
#9 DONE 0.0s

#10 [db internal] load build context
#10 transferring context: 110B 0.0s done
#10 DONE 0.0s

#11 [db pgbackrest-build 2/3] ADD --checksum=sha256:14037901db002e5536a948bf9f0fc0ff6cde31f4e675d3e9b46f129071bf2e5f     https://github.com/pgbackrest/pgbackrest/releases/download/release/2.59.3/pgbackrest-2.59.3.tar.gz     /tmp/pgbackrest.tar.gz
#11 CACHED

#12 [db db 3/5] COPY --from=pgbackrest-build /out/pgbackrest /usr/local/bin/pgbackrest
#12 CACHED

#13 [db db 4/5] COPY --chmod=755 postgres/start.sh /usr/local/bin/timeclock-postgres.sh
#13 CACHED

#14 [db pgbackrest-build 3/3] RUN apk add --no-cache build-base meson pkgconf openssl-dev libxml2-dev lz4-dev zstd-dev bzip2-dev zlib-dev     && tar -xzf /tmp/pgbackrest.tar.gz -C /tmp     && cd /tmp/pgbackrest-2.59.3     && PKG_CONFIG_PATH=/usr/local/lib/pkgconfig meson setup build . --buildtype=release        -Dlibssh2=disabled -Dlibsystemd=disabled     && ninja -C build     && strip build/src/pgbackrest     && install -D -m 755 build/src/pgbackrest /out/pgbackrest
#14 CACHED

#15 [db db 2/5] RUN apk add --no-cache libxml2 lz4-libs zstd-libs libbz2 jq     && install -d -o postgres -g postgres -m 700 /etc/pgbackrest     && install -d -o postgres -g postgres -m 755 /var/lib/timeclock-pitr
#15 CACHED

#16 [db db 5/5] COPY --chmod=755 postgres/pgbackrest.sh /usr/local/bin/timeclock-pgbackrest
#16 CACHED

#17 [db] exporting to image
#17 exporting layers done
#17 exporting manifest sha256:b2b3a22700252bc2bf88b407d2c1a64da0c3860fbfb947077717f5954e7e84bc done
#17 exporting config sha256:17f2133770666c2c63be84c579d666f015b60de1037f66878842173d72cdf981 done
#17 exporting attestation manifest sha256:a5b77a3346ded50870e4ccb36b9b2c13705b157de1db867375c4e33b4f7ed720 done
#17 exporting manifest list sha256:1945a13a603f56073d988acf6eae768425e1ffa8c2f081be8bc5763180f89c9a done
#17 naming to docker.io/library/timeclock-scale-db:latest done
#17 unpacking to docker.io/library/timeclock-scale-db:latest done
#17 DONE 0.1s

#18 [db] resolving provenance for metadata file
#18 DONE 0.0s

#19 [frontend internal] load metadata for docker.io/library/node:24-alpine
#19 ...

#20 [pgbouncer internal] load metadata for docker.io/library/alpine:3.24
#20 DONE 0.6s

#21 [pgbouncer internal] load .dockerignore
#21 transferring context: 2B done
#21 DONE 0.0s

#6 [backend internal] load metadata for docker.io/library/python:3.14-slim
#6 DONE 0.6s

#7 [backend internal] load .dockerignore
#7 CACHED

#22 [pgbouncer internal] load build context
#22 transferring context: 35B done
#22 DONE 0.0s

#23 [pgbouncer 1/3] FROM docker.io/library/alpine:3.24@sha256:294b683cb724975bec92580e1e685676bd4b50bda910ddb8c51d4cabeaec77e6
#23 resolve docker.io/library/alpine:3.24@sha256:294b683cb724975bec92580e1e685676bd4b50bda910ddb8c51d4cabeaec77e6 0.0s done
#23 DONE 0.0s

#24 [pgbouncer 2/3] RUN apk add --no-cache "pgbouncer~=1.25" postgresql-client     && adduser -S -D -H pgbouncer     && install -d -o pgbouncer -m 700 /run/pgbouncer
#24 CACHED

#25 [pgbouncer 3/3] COPY --chmod=755 entrypoint.sh /usr/local/bin/pgbouncer-entrypoint.sh
#25 CACHED

#26 [migrate runtime 1/9] FROM docker.io/library/python:3.14-slim@sha256:c3e521df8b2b498a7a682e7e18676771cb80c6b75b8699af886b2d554ce40151
#26 resolve docker.io/library/python:3.14-slim@sha256:c3e521df8b2b498a7a682e7e18676771cb80c6b75b8699af886b2d554ce40151 done
#26 DONE 0.0s

#27 [pgbouncer] exporting to image
#27 exporting layers done
#27 exporting manifest sha256:1885ee5ccd100e58c4be29a077d79433c47d100ddf6b0fc8f75e373d03c9f559 done
#27 exporting config sha256:68d5406700f3aedd8f5436be5f578384464a84ec07ddefd66f6e88a68dda063e done
#27 exporting attestation manifest sha256:c4ef9b80699c9794cffe4be110bdabdb49ab811c19be930c8d34021e4557e369 0.0s done
#27 exporting manifest list sha256:53390b3e4916a8daae8601808736c5735221f0f89999d76d2cf9ce1858ea3142 done
#27 naming to docker.io/library/timeclock-scale-pgbouncer:latest done
#27 unpacking to docker.io/library/timeclock-scale-pgbouncer:latest done
#27 DONE 0.1s

#28 [backend internal] load build context
#28 ...

#29 [pgbouncer] resolving provenance for metadata file
#29 DONE 0.0s

#19 [frontend internal] load metadata for docker.io/library/node:24-alpine
#19 DONE 0.9s

#28 [backend internal] load build context
#28 ...

#30 [frontend internal] load metadata for docker.io/library/nginx:1.30-alpine
#30 DONE 0.9s

#31 [frontend internal] load .dockerignore
#31 transferring context: 95B done
#31 DONE 0.0s

#32 [frontend build 1/8] FROM docker.io/library/node:24-alpine@sha256:ebfe2f90462722a7a4de65e91990e97fe0d401c70e0e762c5b53302f905ec1c1
#32 resolve docker.io/library/node:24-alpine@sha256:ebfe2f90462722a7a4de65e91990e97fe0d401c70e0e762c5b53302f905ec1c1 0.0s done
#32 DONE 0.0s

#33 [frontend stage-1 1/9] FROM docker.io/library/nginx:1.30-alpine@sha256:0985e772fb9f729e6fa0980da05fca5d9c468e870eed43071545afa9d2e27d94
#33 resolve docker.io/library/nginx:1.30-alpine@sha256:0985e772fb9f729e6fa0980da05fca5d9c468e870eed43071545afa9d2e27d94 0.0s done
#33 DONE 0.0s

#28 [backend internal] load build context
#28 ...

#34 [frontend internal] load build context
#34 transferring context: 228.24kB 0.1s done
#34 DONE 0.1s

#35 [frontend build 2/8] WORKDIR /app
#35 CACHED

#36 [frontend build 4/8] COPY scripts ./scripts
#36 CACHED

#37 [frontend build 3/8] COPY package.json package-lock.json ./
#37 CACHED

#38 [frontend build 5/8] RUN npm ci
#38 CACHED

#28 [backend internal] load build context
#28 transferring context: 58.31MB 0.6s done
#28 DONE 0.6s

#39 [backend runtime 5/9] RUN pip install -r requirements.txt
#39 CACHED

#40 [backend runtime 3/9] RUN apt-get update     && apt-get install -y --no-install-recommends libglib2.0-0     && rm -rf /var/lib/apt/lists/*
#40 CACHED

#41 [backend runtime 2/9] WORKDIR /app
#41 CACHED

#42 [backend runtime 6/9] COPY app/facial_recognition/model_store.py /tmp/model_store.py
#42 CACHED

#43 [backend runtime 4/9] COPY requirements.txt .
#43 CACHED

#44 [backend runtime 7/9] RUN python /tmp/model_store.py /app/models && rm /tmp/model_store.py
#44 CACHED

#45 [backend runtime 8/9] COPY . .
#45 DONE 0.2s

#46 [backend runtime 9/9] RUN useradd --create-home --uid 1000 appuser && chown -R appuser:appuser /app
#46 ...

#47 [frontend build 6/8] COPY . .
#47 DONE 0.7s

#48 [frontend build 7/8] RUN npm run build
#48 0.226 
#48 0.226 > timeclock-frontend@1.0.0 build
#48 0.226 > tsc -b && vite build
#48 0.226 
#48 ...

#46 [backend runtime 9/9] RUN useradd --create-home --uid 1000 appuser && chown -R appuser:appuser /app
#46 DONE 1.3s

#49 [migrate] exporting to image
#49 exporting layers 3.9s done
#49 exporting manifest sha256:15addb712c881b0ea133235218123dd7ffaeda25454588906be02fd5efe75b50 done
#49 exporting config sha256:934d81b9d5ef8fbec789e274fc1ebc4a9b3f1886c27f4aedf6f88906734a9ba0 done
#49 exporting attestation manifest sha256:96f35b0852a65a336f0642be86f829a4ffd5412facb58c94084be87c2eb45acf 0.0s done
#49 exporting manifest list sha256:9be66b9862bb5735cd851b82c07b9c9aafdc677355c1bf56c1e11c2ad5919fae done
#49 naming to docker.io/library/timeclock-scale-migrate:latest done
#49 unpacking to docker.io/library/timeclock-scale-migrate:latest
#49 unpacking to docker.io/library/timeclock-scale-migrate:latest 1.6s done
#49 DONE 5.6s

#50 [backend] exporting to image
#50 exporting layers 3.9s done
#50 exporting manifest sha256:0aecb99d9c84f607efe5c63a4ce501523b346ddfb30a9b62c00c2d11d6807ee7 done
#50 exporting config sha256:09d68ea63c4974cfc1aae782c9181513ed6ebec5ad685f6c8980895ea22c7363 done
#50 exporting attestation manifest sha256:468be5d5239caf7faedd75531279e995feffd2ecaf821d784a9ae551fcd07a61 done
#50 exporting manifest list sha256:bf04481aa2bd821e3e1a4a06f7c5be0d1fb70eeda21e1f1f34d301b4312e1016 done
#50 naming to docker.io/library/timeclock-scale-backend:latest done
#50 unpacking to docker.io/library/timeclock-scale-backend:latest 1.6s done
#50 DONE 5.6s

#51 [migrate] resolving provenance for metadata file
#51 DONE 0.0s

#52 [backend] resolving provenance for metadata file
#52 DONE 0.0s

#48 [frontend build 7/8] RUN npm run build
#48 13.26 vite v8.3.2 building client environment for production...
#48 13.27 transforming...
#48 13.58 ✓ 2585 modules transformed.
#48 13.73 rendering chunks...
#48 13.83 computing gzip size...
#48 13.84 dist/version.json                                      0.03 kB │ gzip:  0.05 kB
#48 13.84 dist/index.html                                        7.36 kB │ gzip:  1.80 kB
#48 13.84 dist/assets/vt-logo-BcFNqxNO.webp                     20.72 kB
#48 13.84 dist/assets/Candara-BdCoU-Tj.ttf                     138.01 kB
#48 13.84 dist/assets/Candara-Bold-epX-0ZLf.ttf                140.21 kB
#48 13.84 dist/assets/Candara-Bold-Italic-McSy4Svc.ttf         140.82 kB
#48 13.84 dist/assets/Candara-Italic-0GurOstm.ttf              142.65 kB
#48 13.84 dist/assets/index-CS3iCQG7.css                       170.69 kB │ gzip: 33.92 kB
#48 13.84 dist/assets/vt-logo-DMYarpDG.js                        0.05 kB │ gzip:  0.07 kB
#48 13.84 dist/assets/ErrorsPage-BOu6eSaO.js                     0.08 kB │ gzip:  0.08 kB
#48 13.84 dist/assets/FraudCasesPage-DkRoratD.js                 0.09 kB │ gzip:  0.09 kB
#48 13.84 dist/assets/minus-DGUvVT_G.js                          0.15 kB │ gzip:  0.15 kB
#48 13.84 dist/assets/chevron-down-DZIE5wid.js                   0.16 kB │ gzip:  0.16 kB
#48 13.84 dist/assets/chevron-left-B4f1VTTR.js                   0.16 kB │ gzip:  0.16 kB
#48 13.84 dist/assets/chevron-right-CLHeXr7l.js                  0.16 kB │ gzip:  0.16 kB
#48 13.84 dist/assets/restore-BXVBo0e6.js                        0.17 kB │ gzip:  0.16 kB
#48 13.84 dist/assets/useCalendarReturn-DseyJIW9.js              0.19 kB │ gzip:  0.17 kB
#48 13.84 dist/assets/useSyncOnChange-C2ekQqHA.js                0.19 kB │ gzip:  0.17 kB
#48 13.84 dist/assets/arrow-left-CPiHAcxq.js                     0.19 kB │ gzip:  0.18 kB
#48 13.84 dist/assets/arrow-right-uQsGc1_L.js                    0.19 kB │ gzip:  0.18 kB
#48 13.84 dist/assets/DbIpCredit-W49vu8Qm.js                     0.20 kB │ gzip:  0.18 kB
#48 13.84 dist/assets/clock-CyMpOTH2.js                          0.20 kB │ gzip:  0.18 kB
#48 13.84 dist/assets/power-Cf8vuRNh.js                          0.20 kB │ gzip:  0.18 kB
#48 13.84 dist/assets/gauge-ACjl6h_x.js                          0.20 kB │ gzip:  0.19 kB
#48 13.84 dist/assets/check-check-CZDHBqVI.js                    0.21 kB │ gzip:  0.19 kB
#48 13.84 dist/assets/ban-1FuTl8if.js                            0.21 kB │ gzip:  0.19 kB
#48 13.84 dist/assets/circle-slash-ZhMpqkVk.js                   0.22 kB │ gzip:  0.19 kB
#48 13.84 dist/assets/play-DDZ-dXb_.js                           0.22 kB │ gzip:  0.20 kB
#48 13.84 dist/assets/useMountedRef-DTLuptWE.js                  0.22 kB │ gzip:  0.19 kB
#48 13.84 dist/assets/smartphone-CzDDuDoO.js                     0.23 kB │ gzip:  0.20 kB
#48 13.84 dist/assets/rotate-ccw-xWU5S8Kp.js                     0.23 kB │ gzip:  0.20 kB
#48 13.84 dist/assets/user-round-gop61c0-.js                     0.23 kB │ gzip:  0.21 kB
#48 13.84 dist/assets/lock-BS4R_gxq.js                           0.23 kB │ gzip:  0.21 kB
#48 13.84 dist/assets/chart-line-BkNXdvSN.js                     0.24 kB │ gzip:  0.21 kB
#48 13.84 dist/assets/undo-2-BJv10jHA.js                         0.24 kB │ gzip:  0.19 kB
#48 13.84 dist/assets/useHasScreen-CI8KBKdn.js                   0.24 kB │ gzip:  0.19 kB
#48 13.84 dist/assets/BrandLogo-CQWShoDM.js                      0.24 kB │ gzip:  0.21 kB
#48 13.84 dist/assets/DeletedMark-pCH8kjnE.js                    0.24 kB │ gzip:  0.20 kB
#48 13.84 dist/assets/mail-B0dgSab6.js                           0.24 kB │ gzip:  0.22 kB
#48 13.84 dist/assets/tablet-C5VmtIiR.js                         0.24 kB │ gzip:  0.21 kB
#48 13.84 dist/assets/moon-BFlVJGpB.js                           0.25 kB │ gzip:  0.22 kB
#48 13.84 dist/assets/code-xml-CfQsehXX.js                       0.26 kB │ gzip:  0.20 kB
#48 13.84 dist/assets/log-out-B-GCJXui.js                        0.26 kB │ gzip:  0.21 kB
#48 13.84 dist/assets/log-in-CB5Lzoyx.js                         0.26 kB │ gzip:  0.20 kB
#48 13.84 dist/assets/settingsService-BVI3Ba53.js                0.26 kB │ gzip:  0.21 kB
#48 13.84 dist/assets/activity-D9Z-2uV8.js                       0.26 kB │ gzip:  0.22 kB
#48 13.84 dist/assets/timer-D0GiDcNS.js                          0.27 kB │ gzip:  0.20 kB
#48 13.84 dist/assets/globe-D0v_gA4o.js                          0.27 kB │ gzip:  0.21 kB
#48 13.84 dist/assets/user-check-DzKtdM3X.js                     0.27 kB │ gzip:  0.22 kB
#48 13.84 dist/assets/route-KKdc1klr.js                          0.28 kB │ gzip:  0.22 kB
#48 13.84 dist/assets/user-minus-DlZ8FNIa.js                     0.28 kB │ gzip:  0.24 kB
#48 13.84 dist/assets/search-x-CWIueRb2.js                       0.29 kB │ gzip:  0.22 kB
#48 13.84 dist/assets/map-pin-Dk4ca8gn.js                        0.29 kB │ gzip:  0.24 kB
#48 13.84 dist/assets/user-round-check-DOZchsd1.js               0.29 kB │ gzip:  0.24 kB
#48 13.84 dist/assets/blocks-ByAn5OQC.js                         0.29 kB │ gzip:  0.23 kB
#48 13.84 dist/assets/rotate-ccw-clock-CVPVe_xM.js               0.29 kB │ gzip:  0.24 kB
#48 13.84 dist/assets/useRetryOnReconnect-BeSVflRJ.js            0.30 kB │ gzip:  0.23 kB
#48 13.84 dist/assets/repeat-DCxigg7-.js                         0.30 kB │ gzip:  0.22 kB
#48 13.84 dist/assets/users-round-9i9oWYok.js                    0.30 kB │ gzip:  0.25 kB
#48 13.84 dist/assets/pencil-COytgwB0.js                         0.30 kB │ gzip:  0.24 kB
#48 13.84 dist/assets/list-checks-CsOlHyJh.js                    0.31 kB │ gzip:  0.21 kB
#48 13.84 dist/assets/power-off-DS1G1GvJ.js                      0.31 kB │ gzip:  0.23 kB
#48 13.84 dist/assets/deviceStore-CtrKHdIe.js                    0.31 kB │ gzip:  0.22 kB
#48 13.84 dist/assets/tablet-smartphone-sdOJQCy1.js              0.31 kB │ gzip:  0.24 kB
#48 13.84 dist/assets/coins-6n6LrUtS.js                          0.31 kB │ gzip:  0.25 kB
#48 13.84 dist/assets/inbox-BS5SB-mC.js                          0.31 kB │ gzip:  0.25 kB
#48 13.84 dist/assets/wallet-RAXWMtnc.js                         0.31 kB │ gzip:  0.23 kB
#48 13.84 dist/assets/hash-DCeGtcn3.js                           0.32 kB │ gzip:  0.21 kB
#48 13.84 dist/assets/house-DnOZe48n.js                          0.33 kB │ gzip:  0.25 kB
#48 13.84 dist/assets/flask-conical-DOnLzj5D.js                  0.33 kB │ gzip:  0.25 kB
#48 13.84 dist/assets/zoom-in-Pwt1h9ui.js                        0.33 kB │ gzip:  0.23 kB
#48 13.84 dist/assets/calendar-check-BArsVkh-.js                 0.33 kB │ gzip:  0.24 kB
#48 13.84 dist/assets/clipboard-check-C-S9z4aW.js                0.33 kB │ gzip:  0.25 kB
#48 13.84 dist/assets/coffee-uZB8OD1W.js                         0.33 kB │ gzip:  0.23 kB
#48 13.84 dist/assets/user-x-vv7EF43V.js                         0.33 kB │ gzip:  0.25 kB
#48 13.84 dist/assets/users-Db3tqKvC.js                          0.33 kB │ gzip:  0.24 kB
#48 13.84 dist/assets/message-square-plus-9FtJhem1.js            0.34 kB │ gzip:  0.25 kB
#48 13.84 dist/assets/user-plus-0htSKGfc.js                      0.34 kB │ gzip:  0.25 kB
#48 13.84 dist/assets/ForbiddenPage-Cbiw-Nq6.js                  0.34 kB │ gzip:  0.25 kB
#48 13.84 dist/assets/usePendingFraudCases-DWM5aRdP.js           0.35 kB │ gzip:  0.26 kB
#48 13.84 dist/assets/shield-check-CFrPuka1.js                   0.35 kB │ gzip:  0.27 kB
#48 13.84 dist/assets/monitor-smartphone-BK1xcpXs.js             0.35 kB │ gzip:  0.26 kB
#48 13.84 dist/assets/RetryState-CiKiMekn.js                     0.36 kB │ gzip:  0.26 kB
#48 13.84 dist/assets/usePendingShiftRequests-DyzvBtQG.js        0.36 kB │ gzip:  0.26 kB
#48 13.84 dist/assets/scan-line-Ol9hawuN.js                      0.36 kB │ gzip:  0.24 kB
#48 13.84 dist/assets/useBillingAccount-mcTe5QA0.js              0.36 kB │ gzip:  0.24 kB
#48 13.84 dist/assets/heart-pulse--1BHODfB.js                    0.36 kB │ gzip:  0.27 kB
#48 13.84 dist/assets/usePendingAttendanceReviews-DV5vyvNt.js    0.36 kB │ gzip:  0.26 kB
#48 13.84 dist/assets/calendar-x-g40EigOf.js                     0.36 kB │ gzip:  0.25 kB
#48 13.84 dist/assets/camera-KEMaMs3O.js                         0.36 kB │ gzip:  0.27 kB
#48 13.84 dist/assets/usePendingAbsenceRequests-D2vs3MFQ.js      0.36 kB │ gzip:  0.26 kB
#48 13.84 dist/assets/message-square-text-BZ83Gplw.js            0.37 kB │ gzip:  0.26 kB
#48 13.84 dist/assets/scroll-text-BEZJ2Elb.js                    0.38 kB │ gzip:  0.25 kB
#48 13.84 dist/assets/crosshair-Cl0k-f1C.js                      0.38 kB │ gzip:  0.24 kB
#48 13.84 dist/assets/shield-alert-CRRkSixt.js                   0.38 kB │ gzip:  0.28 kB
#48 13.84 dist/assets/calendar-x-2-BOrhuCB9.js                   0.38 kB │ gzip:  0.25 kB
#48 13.84 dist/assets/calendar-plus-BxtdT-XC.js                  0.38 kB │ gzip:  0.25 kB
#48 13.84 dist/assets/locationPayload-BAamMjBt.js                0.38 kB │ gzip:  0.23 kB
#48 13.84 dist/assets/useAutoRefresh-Cc8ZPdyX.js                 0.38 kB │ gzip:  0.29 kB
#48 13.84 dist/assets/list-ordered-esz6ifJj.js                   0.39 kB │ gzip:  0.25 kB
#48 13.84 dist/assets/hourglass-BdRSxBD2.js                      0.39 kB │ gzip:  0.26 kB
#48 13.84 dist/assets/file-x-corner-DhxrCH-i.js                  0.39 kB │ gzip:  0.27 kB
#48 13.84 dist/assets/map-pin-plus-DOCPNaW7.js                   0.39 kB │ gzip:  0.29 kB
#48 13.84 dist/assets/calendar-clock-C9wp9A2D.js                 0.41 kB │ gzip:  0.28 kB
#48 13.84 dist/assets/network-BdzxAkAw.js                        0.41 kB │ gzip:  0.26 kB
#48 13.84 dist/assets/calendar-off-C4VXkoY8.js                   0.41 kB │ gzip:  0.27 kB
#48 13.84 dist/assets/file-text-BDOZZWqH.js                      0.41 kB │ gzip:  0.27 kB
#48 13.84 dist/assets/landmark-CM6PtM7y.js                       0.41 kB │ gzip:  0.26 kB
#48 13.84 dist/assets/versionService-D2h5pR16.js                 0.42 kB │ gzip:  0.30 kB
#48 13.84 dist/assets/shield-off-vKlw59O3.js                     0.43 kB │ gzip:  0.30 kB
#48 13.84 dist/assets/locate-fixed-BEeEEIpf.js                   0.43 kB │ gzip:  0.25 kB
#48 13.84 dist/assets/CompanyCell-CJK0RX41.js                    0.43 kB │ gzip:  0.25 kB
#48 13.84 dist/assets/piggy-bank-BYcXwojz.js                     0.44 kB │ gzip:  0.27 kB
#48 13.84 dist/assets/calendar-heart-C1Lc_M_R.js                 0.44 kB │ gzip:  0.29 kB
#48 13.84 dist/assets/clipboard-list-93xUlSfz.js                 0.44 kB │ gzip:  0.28 kB
#48 13.84 dist/assets/building-complex-BEYJJcBs.js               0.44 kB │ gzip:  0.27 kB
#48 13.84 dist/assets/calendar-range-B1iggiri.js                 0.44 kB │ gzip:  0.27 kB
#48 13.84 dist/assets/shield-question-mark-C1mbjuO0.js           0.45 kB │ gzip:  0.31 kB
#48 13.84 dist/assets/ShiftItem-DWpxK5-d.js                      0.45 kB │ gzip:  0.24 kB
#48 13.84 dist/assets/scan-face-DWDSnwMi.js                      0.45 kB │ gzip:  0.27 kB
#48 13.84 dist/assets/map-pinned-BCRIYo08.js                     0.45 kB │ gzip:  0.32 kB
#48 13.84 dist/assets/device-CGGF1G3n.js                         0.49 kB │ gzip:  0.33 kB
#48 13.84 dist/assets/image-off-CSdmmBZu.js                      0.50 kB │ gzip:  0.31 kB
#48 13.84 dist/assets/sun-DEh_zDSl.js                            0.50 kB │ gzip:  0.28 kB
#48 13.84 dist/assets/map-pin-off-BAGO6CMo.js                    0.50 kB │ gzip:  0.33 kB
#48 13.84 dist/assets/NotFoundPage-xGwdJxrb.js                   0.51 kB │ gzip:  0.35 kB
#48 13.84 dist/assets/tree-palm-BlITqPwC.js                      0.51 kB │ gzip:  0.35 kB
#48 13.84 dist/assets/useConfirm-W9dkLEvh.js                     0.51 kB │ gzip:  0.35 kB
#48 13.84 dist/assets/FormFooter-C0RYhL47.js                     0.52 kB │ gzip:  0.33 kB
#48 13.84 dist/assets/calendar-days-B5P830Uc.js                  0.52 kB │ gzip:  0.28 kB
#48 13.84 dist/assets/radar-tzttGfEd.js                          0.53 kB │ gzip:  0.32 kB
#48 13.84 dist/assets/EmptyState--7_LuYa-.js                     0.54 kB │ gzip:  0.30 kB
#48 13.84 dist/assets/MinutesBadge-DzBrPtvm.js                   0.55 kB │ gzip:  0.35 kB
#48 13.84 dist/assets/usePendingEnrollments-BASmCeat.js          0.55 kB │ gzip:  0.36 kB
#48 13.84 dist/assets/verificationService-v27AgAtJ.js            0.56 kB │ gzip:  0.38 kB
#48 13.84 dist/assets/usePolledCount-ClWN-za1.js                 0.58 kB │ gzip:  0.38 kB
#48 13.84 dist/assets/rolldown-runtime-CbXtAM7H.js               0.58 kB │ gzip:  0.36 kB
#48 13.84 dist/assets/enrollmentService-DF9U0gmS.js              0.60 kB │ gzip:  0.33 kB
#48 13.84 dist/assets/ChoiceGroup-CyYdzekY.js                    0.61 kB │ gzip:  0.38 kB
#48 13.84 dist/assets/CopyField-DbbnENq7.js                      0.63 kB │ gzip:  0.39 kB
#48 13.84 dist/assets/VerificationAttempt-e9itQdUL.js            0.64 kB │ gzip:  0.42 kB
#48 13.84 dist/assets/PersonItem-CzT3HkFy.js                     0.65 kB │ gzip:  0.33 kB
#48 13.84 dist/assets/DepartmentTrash-Djs4oP0O.js                0.66 kB │ gzip:  0.38 kB
#48 13.84 dist/assets/bug--i7Hq5iy.js                            0.66 kB │ gzip:  0.34 kB
#48 13.84 dist/assets/index.esm-Cyr8GqlO.js                      0.66 kB │ gzip:  0.36 kB
#48 13.84 dist/assets/CurrencyField-Jpv3gFEv.js                  0.67 kB │ gzip:  0.43 kB
#48 13.84 dist/assets/user-cog-BBz46w2x.js                       0.67 kB │ gzip:  0.35 kB
#48 13.84 dist/assets/qr-code-CD7LG5ch.js                        0.68 kB │ gzip:  0.33 kB
#48 13.84 dist/assets/receipt-DQ9hPUnF.js                        0.68 kB │ gzip:  0.30 kB
#48 13.84 dist/assets/useQueryOption-CZhFQXGs.js                 0.69 kB │ gzip:  0.48 kB
#48 13.84 dist/assets/ListResults-CMXV6eYR.js                    0.71 kB │ gzip:  0.42 kB
#48 13.84 dist/assets/ReasonField-Q7WP37zj.js                    0.71 kB │ gzip:  0.41 kB
#48 13.84 dist/assets/PageStates-DvYloeL_.js                     0.73 kB │ gzip:  0.42 kB
#48 13.84 dist/assets/useResource-BuSt0cXS.js                    0.73 kB │ gzip:  0.43 kB
#48 13.84 dist/assets/dateRanges-C5X-sQh-.js                     0.73 kB │ gzip:  0.37 kB
#48 13.84 dist/assets/party-popper-SqZQHlvR.js                   0.76 kB │ gzip:  0.43 kB
#48 13.84 dist/assets/BarList-CmXWS29v.js                        0.76 kB │ gzip:  0.40 kB
#48 13.84 dist/assets/SystemStatusPage-VDIWW9tG.js               0.77 kB │ gzip:  0.44 kB
#48 13.84 dist/assets/Switch-D_Z1xBRn.js                         0.77 kB │ gzip:  0.38 kB
#48 13.84 dist/assets/fraudCaseService-Dk6O_Ay4.js               0.81 kB │ gzip:  0.39 kB
#48 13.84 dist/assets/StatusMark-B4_UGGt5.js                     0.83 kB │ gzip:  0.42 kB
#48 13.84 dist/assets/formFields-B26iM9D_.js                     0.86 kB │ gzip:  0.49 kB
#48 13.84 dist/assets/RangeMeter-e7PjAMUU.js                     0.88 kB │ gzip:  0.44 kB
#48 13.84 dist/assets/StatusBadge-Bl8qL6I3.js                    0.91 kB │ gzip:  0.41 kB
#48 13.84 dist/assets/useEmployeeRequest-DuCTsa7b.js             0.91 kB │ gzip:  0.53 kB
#48 13.84 dist/assets/Spinner-CDVIHk-P.js                        0.91 kB │ gzip:  0.44 kB
#48 13.84 dist/assets/accessories-Cs86Ei0F.js                    0.94 kB │ gzip:  0.54 kB
#48 13.84 dist/assets/requestSigning-IL_GOKrI.js                 0.94 kB │ gzip:  0.55 kB
#48 13.84 dist/assets/useAction-D_iLZi-K.js                      0.95 kB │ gzip:  0.56 kB
#48 13.84 dist/assets/FaceVerificationPage-DuojVW7Y.js           0.96 kB │ gzip:  0.52 kB
#48 13.84 dist/assets/departmentService-CAM0mZ3x.js              0.96 kB │ gzip:  0.35 kB
#48 13.84 dist/assets/faceUpload-We1HO8aV.js                     0.99 kB │ gzip:  0.53 kB
#48 13.84 dist/assets/sessionFacts-Dnwn8G_I.js                   1.00 kB │ gzip:  0.59 kB
#48 13.84 dist/assets/images-CuNexbwf.js                         1.01 kB │ gzip:  0.55 kB
#48 13.84 dist/assets/useQrImage-CimEq1rM.js                     1.01 kB │ gzip:  0.60 kB
#48 13.84 dist/assets/ShiftCard-BkRXiQhc.js                      1.02 kB │ gzip:  0.52 kB
#48 13.84 dist/assets/usePolling-BvO16Bi8.js                     1.02 kB │ gzip:  0.54 kB
#48 13.84 dist/assets/RejectRequestPanel-DqIYPt1n.js             1.03 kB │ gzip:  0.52 kB
#48 13.84 dist/assets/RadioCard-eNmErm-K.js                      1.03 kB │ gzip:  0.50 kB
#48 13.84 dist/assets/server-crash-D3Zsd4SV.js                   1.03 kB │ gzip:  0.49 kB
#48 13.84 dist/assets/shifts-1b5AB9Se.js                         1.04 kB │ gzip:  0.60 kB
#48 13.84 dist/assets/useVerificationPolicy-C6sx7Lqo.js          1.05 kB │ gzip:  0.63 kB
#48 13.84 dist/assets/usePendingErrors-CPuWuj4x.js               1.09 kB │ gzip:  0.52 kB
#48 13.84 dist/assets/validatorService-BUUOgOWx.js               1.09 kB │ gzip:  0.45 kB
#48 13.84 dist/assets/apiKeyService-C_r-MH5Q.js                  1.11 kB │ gzip:  0.55 kB
#48 13.84 dist/assets/changes-Dv-CqgP3.js                        1.11 kB │ gzip:  0.58 kB
#48 13.84 dist/assets/NewPasswordFields-B2i6pfEz.js              1.12 kB │ gzip:  0.57 kB
#48 13.84 dist/assets/Tabs-DuLVQ32z.js                           1.16 kB │ gzip:  0.65 kB
#48 13.84 dist/assets/siteService-4Jggndis.js                    1.17 kB │ gzip:  0.47 kB
#48 13.84 dist/assets/useFormState-D5aPtfPw.js                   1.19 kB │ gzip:  0.71 kB
#48 13.84 dist/assets/RecordTrash-C9cX_cN9.js                    1.20 kB │ gzip:  0.54 kB
#48 13.84 dist/assets/SitePlaces-DWeVl8fa.js                     1.22 kB │ gzip:  0.52 kB
#48 13.84 dist/assets/ReasonFormPanel-P2XCxMqF.js                1.24 kB │ gzip:  0.68 kB
#48 13.84 dist/assets/numbers-B0ZhxeDa.js                        1.25 kB │ gzip:  0.64 kB
#48 13.84 dist/assets/Skeleton-BuSeoA0_.js                       1.30 kB │ gzip:  0.53 kB
#48 13.84 dist/assets/ValidatorTrash-CPFGe6wt.js                 1.30 kB │ gzip:  0.62 kB
#48 13.84 dist/assets/Checkbox-BEcMeyGQ.js                       1.32 kB │ gzip:  0.62 kB
#48 13.84 dist/assets/sliders-horizontal-L6bkG5Cp.js             1.32 kB │ gzip:  0.57 kB
#48 13.84 dist/assets/ValidatorModes-HllG_rZ2.js                 1.34 kB │ gzip:  0.76 kB
#48 13.84 dist/assets/KpiCard-BXRxbLOd.js                        1.36 kB │ gzip:  0.67 kB
#48 13.84 dist/assets/preload-helper-DjzSQ1t3.js                 1.38 kB │ gzip:  0.75 kB
#48 13.84 dist/assets/locationMessages-Apgmi_HR.js               1.38 kB │ gzip:  0.70 kB
#48 13.84 dist/assets/Button-DXnNZEMV.js                         1.40 kB │ gzip:  0.72 kB
#48 13.84 dist/assets/ShiftRequestRejectPage-CaSM8nfy.js         1.43 kB │ gzip:  0.63 kB
#48 13.84 dist/assets/MyAttendanceHistoryPage-A6aOzr07.js        1.46 kB │ gzip:  0.71 kB
#48 13.84 dist/assets/performanceService-lXEpKHm9.js             1.48 kB │ gzip:  0.65 kB
#48 13.84 dist/assets/AuthLayout-CnGDaYmL.js                     1.50 kB │ gzip:  0.70 kB
#48 13.84 dist/assets/DayOffCard-DvlJVSQC.js                     1.58 kB │ gzip:  0.78 kB
#48 13.84 dist/assets/Panel-ED2-WWP8.js                          1.61 kB │ gzip:  0.60 kB
#48 13.84 dist/assets/useSlowAlerts-CxRbexh5.js                  1.61 kB │ gzip:  0.86 kB
#48 13.84 dist/assets/useSearchList-DJx-KyvQ.js                  1.64 kB │ gzip:  0.81 kB
#48 13.84 dist/assets/employeeService-DkZ_xTjM.js                1.64 kB │ gzip:  0.65 kB
#48 13.84 dist/assets/shiftService-Zwe0yf1d.js                   1.65 kB │ gzip:  0.58 kB
#48 13.84 dist/assets/Floating-BfNcpLmm.js                       1.65 kB │ gzip:  0.85 kB
#48 13.84 dist/assets/AttendanceItem-CXLP01TQ.js                 1.67 kB │ gzip:  0.66 kB
#48 13.84 dist/assets/deviceKey-KFYdfPe0.js                      1.68 kB │ gzip:  0.86 kB
#48 13.84 dist/assets/useAvailability-DiD0a1nQ.js                1.74 kB │ gzip:  0.91 kB
#48 13.84 dist/assets/clock-BPS-k326.js                          1.79 kB │ gzip:  0.91 kB
#48 13.84 dist/assets/CompanyRecord-CYfo78w4.js                  1.81 kB │ gzip:  0.77 kB
#48 13.84 dist/assets/EmployeeFacePage-XBYZ0dFd.js               1.82 kB │ gzip:  0.87 kB
#48 13.84 dist/assets/MoneyRows-dZxyA2jT.js                      1.85 kB │ gzip:  0.70 kB
#48 13.84 dist/assets/KioskFormPage-nzz4MKy3.js                  1.86 kB │ gzip:  0.97 kB
#48 13.84 dist/assets/attendanceService-BEd8K_rg.js              1.87 kB │ gzip:  0.75 kB
#48 13.84 dist/assets/LanguageSwitcher-B7acWSI4.js               1.96 kB │ gzip:  1.07 kB
#48 13.84 dist/assets/calendarService-C08tG9Tm.js                2.07 kB │ gzip:  0.63 kB
#48 13.84 dist/assets/VerificationMenuPage-3PCM2KVB.js           2.09 kB │ gzip:  0.75 kB
#48 13.84 dist/assets/BulkResultSummary-UasGsX0s.js              2.11 kB │ gzip:  0.93 kB
#48 13.84 dist/assets/RejectEnrollmentPage-B3AQrKMq.js           2.15 kB │ gzip:  0.94 kB
#48 13.84 dist/assets/ValidatorPasswordPage-DwdNb4h7.js          2.17 kB │ gzip:  0.96 kB
#48 13.84 dist/assets/Avatar-CXO4F4cV.js                         2.20 kB │ gzip:  1.17 kB
#48 13.84 dist/assets/RejectAttendanceReviewPage-DrE3xP63.js     2.24 kB │ gzip:  0.95 kB
#48 13.84 dist/assets/FilePicker-Q-zNEY2u.js                     2.30 kB │ gzip:  1.10 kB
#48 13.84 dist/assets/shiftRules-Bfmac3-R.js                     2.46 kB │ gzip:  1.13 kB
#48 13.84 dist/assets/format-B-M4CH0V.js                         2.47 kB │ gzip:  1.09 kB
#48 13.84 dist/assets/RecordStatus-BDShZ1W2.js                   2.48 kB │ gzip:  1.08 kB
#48 13.84 dist/assets/SessionSummary-lOseq4By.js                 2.52 kB │ gzip:  0.95 kB
#48 13.84 dist/assets/RejectPolicyChangePage-BOpA7Ptd.js         2.53 kB │ gzip:  1.10 kB
#48 13.84 dist/assets/billingService-C1c9f4Qc.js                 2.54 kB │ gzip:  0.89 kB
#48 13.84 dist/assets/CompanySelectPage-tE-INCDD.js              2.54 kB │ gzip:  1.16 kB
#48 13.84 dist/assets/PendingValidationPage-Ch22riQN.js          2.59 kB │ gzip:  0.93 kB
#48 13.84 dist/assets/useCatalogs-CTIU_NO9.js                    2.61 kB │ gzip:  1.28 kB
#48 13.84 dist/assets/validationSocket-Bh3S8YwN.js               2.64 kB │ gzip:  1.22 kB
#48 13.84 dist/assets/ShiftRequestApprovePage-B-O6DbPD.js        2.65 kB │ gzip:  1.05 kB
#48 13.84 dist/assets/EmployeeCreatePage-C1sUJuyC.js             2.65 kB │ gzip:  1.12 kB
#48 13.84 dist/assets/logoutConfirm-DJFrLOi6.js                  2.68 kB │ gzip:  1.18 kB
#48 13.84 dist/assets/calendarRules-CXlbGOmC.js                  2.74 kB │ gzip:  1.29 kB
#48 13.84 dist/assets/HolidayFormPage-CK17zYNx.js                2.76 kB │ gzip:  1.10 kB
#48 13.84 dist/assets/AbsenceRejectPage-K723V-jl.js              2.82 kB │ gzip:  1.28 kB
#48 13.84 dist/assets/ColumnChart-BsF9sz8O.js                    2.91 kB │ gzip:  1.08 kB
#48 13.84 dist/assets/todayView-CJZeh50v.js                      2.91 kB │ gzip:  1.18 kB
#48 13.84 dist/assets/DepartmentsPage-D05BcvwV.js                2.95 kB │ gzip:  1.22 kB
#48 13.84 dist/assets/manualSession-CIxu7bsf.js                  2.98 kB │ gzip:  1.40 kB
#48 13.84 dist/assets/useValidatorForm-DsjtKXmi.js               3.00 kB │ gzip:  1.44 kB
#48 13.84 dist/assets/PendingRequest-Ddr9YFN0.js                 3.01 kB │ gzip:  1.21 kB
#48 13.84 dist/assets/AssignShiftPage-ClDwBovq.js                3.05 kB │ gzip:  1.39 kB
#48 13.84 dist/assets/ReviewParts-glp6vCDw.js                    3.08 kB │ gzip:  1.19 kB
#48 13.84 dist/assets/kioskPairing-3Unw8sm-.js                   3.08 kB │ gzip:  1.13 kB
#48 13.84 dist/assets/useAssignment-CK6RnzEb.js                  3.14 kB │ gzip:  1.42 kB
#48 13.84 dist/assets/EmployeeTrash-DXv-zFof.js                  3.18 kB │ gzip:  0.97 kB
#48 13.84 dist/assets/TrashParts-Be-3yzh6.js                     3.21 kB │ gzip:  1.41 kB
#48 13.84 dist/assets/employeeDeviceService-CpFFuX90.js          3.21 kB │ gzip:  1.44 kB
#48 13.84 dist/assets/CompaniesListPage-DH9Osmjr.js              3.29 kB │ gzip:  1.31 kB
#48 13.84 dist/assets/BulkAssignPage-CsmIZpCh.js                 3.29 kB │ gzip:  1.41 kB
#48 13.84 dist/assets/ReverifyIdentityPage-7XlIOUK1.js           3.31 kB │ gzip:  1.15 kB
#48 13.84 dist/assets/ShiftRequestsPage-BS3tte4k.js              3.33 kB │ gzip:  1.39 kB
#48 13.84 dist/assets/policyFields-CDaFnJyb.js                   3.33 kB │ gzip:  1.38 kB
#48 13.84 dist/assets/EmployeesListPage-CfYZyp3F.js              3.33 kB │ gzip:  1.28 kB
#48 13.84 dist/assets/AdminDashboardPage-CIawkteI.js             3.34 kB │ gzip:  1.40 kB
#48 13.84 dist/assets/NumberField-Bla7jpia.js                    3.34 kB │ gzip:  1.59 kB
#48 13.84 dist/assets/cameraDiagnostics-hlF5VKxX.js              3.36 kB │ gzip:  1.29 kB
#48 13.84 dist/assets/PerformanceParts-Iqc0luTI.js               3.36 kB │ gzip:  1.45 kB
#48 13.84 dist/assets/WorkdayFormPage-BbMC50Zq.js                3.38 kB │ gzip:  1.35 kB
#48 13.84 dist/assets/EmployeeEditPage-_A6PPh38.js               3.43 kB │ gzip:  1.71 kB
#48 13.84 dist/assets/MyQrPage-DAebD84p.js                       3.47 kB │ gzip:  1.41 kB
#48 13.84 dist/assets/adminService-DcTutk2y.js                   3.52 kB │ gzip:  1.09 kB
#48 13.84 dist/assets/CompanyCreatePage-Cmb1t2Zo.js              3.57 kB │ gzip:  1.52 kB
#48 13.84 dist/assets/SitesPage-CVK3MSoc.js                      3.60 kB │ gzip:  1.41 kB
#48 13.84 dist/assets/FraudCaseFormPages-BMm-Ni3D.js             3.63 kB │ gzip:  1.39 kB
#48 13.84 dist/assets/ValidationsPage-BYM0LYt_.js                3.65 kB │ gzip:  1.40 kB
#48 13.84 dist/assets/VerificationResultCard-QzkHjxZ6.js         3.78 kB │ gzip:  1.48 kB
#48 13.84 dist/assets/BillingReasonPages-2rRIAEoO.js             3.78 kB │ gzip:  1.45 kB
#48 13.84 dist/assets/FraudCasesPage-Dgs4dmFi.js                 3.79 kB │ gzip:  1.44 kB
#48 13.84 dist/assets/UsagePage-aWtXWenb.js                      3.84 kB │ gzip:  1.57 kB
#48 13.84 dist/assets/DashboardPage-ClZpF7rF.js                  3.85 kB │ gzip:  1.20 kB
#48 13.84 dist/assets/ShiftsPage-BsdJpuZx.js                     3.87 kB │ gzip:  1.49 kB
#48 13.84 dist/assets/ApiKeyFormPage-BkWfCLuX.js                 3.88 kB │ gzip:  1.63 kB
#48 13.84 dist/assets/MyShiftRequestsPage-BBU5i6C3.js            3.89 kB │ gzip:  1.51 kB
#48 13.84 dist/assets/SiteKiosksPage-OuC4bNBi.js                 3.93 kB │ gzip:  1.61 kB
#48 13.84 dist/assets/address-BNybbd1L.js                        3.94 kB │ gzip:  1.54 kB
#48 13.84 dist/assets/MetricDetailPage-CzYz04A8.js               3.95 kB │ gzip:  1.55 kB
#48 13.84 dist/assets/CompanyAdminFormPage-CsuAvq1W.js           3.98 kB │ gzip:  1.72 kB
#48 13.84 dist/assets/SessionTimeline-D2zs4R4L.js                4.07 kB │ gzip:  1.46 kB
#48 13.84 dist/assets/DepartmentFormPage-C2lTopYg.js             4.13 kB │ gzip:  1.61 kB
#48 13.84 dist/assets/paths-ovL_ESC1.js                          4.28 kB │ gzip:  1.09 kB
#48 13.84 dist/assets/billingConfirms-Dv7iy_Vx.js                4.35 kB │ gzip:  1.33 kB
#48 13.84 dist/assets/EmployeePicker-dXRtjyx7.js                 4.42 kB │ gzip:  1.90 kB
#48 13.84 dist/assets/CompanyEditPage-BOV9MkpQ.js                4.48 kB │ gzip:  2.05 kB
#48 13.84 dist/assets/ChargeDetailPage-DA_k9Jig.js               4.51 kB │ gzip:  1.76 kB
#48 13.84 dist/assets/ValidatorDevicesPage-CF1D_oZZ.js           4.55 kB │ gzip:  1.81 kB
#48 13.84 dist/assets/AbsenceFormPage-BUU2Y6bU.js                4.68 kB │ gzip:  1.80 kB
#48 13.84 dist/assets/MyDaysOffPage-njYvX_pz.js                  4.71 kB │ gzip:  1.76 kB
#48 13.84 dist/assets/AbsenceRequestFormPage-Fvk_MSBg.js         4.75 kB │ gzip:  1.75 kB
#48 13.84 dist/assets/EnrollmentPage-CgsXHpKP.js                 4.80 kB │ gzip:  1.96 kB
#48 13.84 dist/assets/validation-BP3UL4yB.js                     4.97 kB │ gzip:  1.89 kB
#48 13.84 dist/assets/CompanyEmployeesPage-BrCA3DRu.js           5.12 kB │ gzip:  1.86 kB
#48 13.84 dist/assets/AttendanceSessionPage-Q3Akq9JM.js          5.15 kB │ gzip:  2.02 kB
#48 13.84 dist/assets/useDynamicQr-BLQLab6D.js                   5.23 kB │ gzip:  2.11 kB
#48 13.84 dist/assets/PaymentFormPage-B0DRfIrD.js                5.29 kB │ gzip:  2.12 kB
#48 13.84 dist/assets/LoginPage-CbWrfFk8.js                      5.36 kB │ gzip:  2.34 kB
#48 13.84 dist/assets/EmployeeShiftsPage-CJeWnuUr.js             5.40 kB │ gzip:  1.99 kB
#48 13.84 dist/assets/ShiftRequestFormPage-DxrN7AHJ.js           5.54 kB │ gzip:  2.05 kB
#48 13.84 dist/assets/DepartmentAssignPage-B1rbxi8j.js           5.55 kB │ gzip:  2.01 kB
#48 13.84 dist/assets/usePagedList-C3F__c35.js                   5.68 kB │ gzip:  2.36 kB
#48 13.84 dist/assets/AttendanceHistoryPage-DX2DJhx7.js          5.78 kB │ gzip:  2.12 kB
#48 13.84 dist/assets/formRules-BwKZoEZ9.js                      5.86 kB │ gzip:  2.51 kB
#48 13.84 dist/assets/TimeField-p0fYG3It.js                      5.95 kB │ gzip:  2.59 kB
#48 13.84 dist/assets/Select-B4PqYb4e.js                         6.04 kB │ gzip:  2.48 kB
#48 13.84 dist/assets/AccountParts-BWHLxEzK.js                   6.04 kB │ gzip:  2.06 kB
#48 13.84 dist/assets/ApiKeysPage-CxpM2eHq.js                    6.11 kB │ gzip:  2.14 kB
#48 13.84 dist/assets/useEmployeeForm-IrQJA0F7.js                6.26 kB │ gzip:  2.59 kB
#48 13.84 dist/assets/SlowAlertDetailPage-Dwp9DP9x.js            6.65 kB │ gzip:  2.21 kB
#48 13.84 dist/assets/billing-R2dQKA74.js                        6.69 kB │ gzip:  2.39 kB
#48 13.84 dist/assets/useUsagePeriod-CF0ssK_f.js                 6.71 kB │ gzip:  2.61 kB
#48 13.84 dist/assets/CompanyUsagePage-BH2g6evN.js               6.82 kB │ gzip:  2.52 kB
#48 13.84 dist/assets/SiteFormPage-B9e0ObR1.js                   7.03 kB │ gzip:  2.74 kB
#48 13.84 dist/assets/DepartmentDetailPage-BTWO1xI4.js           7.07 kB │ gzip:  2.14 kB
#48 13.84 dist/assets/ValidationReviewPage-DPAxhQmm.js           7.34 kB │ gzip:  2.35 kB
#48 13.84 dist/assets/DateField-BCdcD_xB.js                      7.89 kB │ gzip:  3.00 kB
#48 13.84 dist/assets/AttendancePage-DqH53Knf.js                 7.91 kB │ gzip:  2.77 kB
#48 13.84 dist/assets/BillingPage-47gclvG-.js                    7.94 kB │ gzip:  2.86 kB
#48 13.84 dist/assets/KioskPage-Cc3KvdRU.js                      7.98 kB │ gzip:  3.24 kB
#48 13.84 dist/assets/ValidatorFormPage-C4xNR4BN.js              8.08 kB │ gzip:  2.89 kB
#48 13.84 dist/assets/useAuth-CtzCK7NR.js                        8.11 kB │ gzip:  3.43 kB
#48 13.84 dist/assets/ErrorDetailPage-B_fDxeD1.js                8.12 kB │ gzip:  2.67 kB
#48 13.84 dist/assets/ValidatorsPage-5Ay9z-y6.js                 8.15 kB │ gzip:  2.70 kB
#48 13.84 dist/assets/clientErrorService-TCm3WSIz.js             8.25 kB │ gzip:  3.55 kB
#48 13.84 dist/assets/CheckpointPage-DbJ0f-T4.js                 8.32 kB │ gzip:  3.30 kB
#48 13.84 dist/assets/MyAttendancePage-_0z9hdJ_.js               8.74 kB │ gzip:  3.02 kB
#48 13.84 dist/assets/ErrorsPage-DlAQw_7-.js                     9.66 kB │ gzip:  3.27 kB
#48 13.84 dist/assets/FraudCaseDetailPage-IyHeH_Ka.js           10.72 kB │ gzip:  3.52 kB
#48 13.84 dist/assets/AttendanceRecordPage-dmCNBknd.js          10.86 kB │ gzip:  3.97 kB
#48 13.84 dist/assets/EmployeeDetailPage-BA2DJc3w.js            11.11 kB │ gzip:  3.52 kB
#48 13.84 dist/assets/ManualSessionPage-aGRsM5dY.js             11.18 kB │ gzip:  3.94 kB
#48 13.84 dist/assets/FaceSecurityPage-D2sREvXU.js              11.75 kB │ gzip:  3.63 kB
#48 13.84 dist/assets/CompanyBillingPage-DH51ms5k.js            12.06 kB │ gzip:  3.79 kB
#48 13.84 dist/assets/CompanyDetailPage-BW1s-YYe.js             12.78 kB │ gzip:  3.85 kB
#48 13.84 dist/assets/usePlanForm-CzwYJJF5.js                   16.15 kB │ gzip:  5.27 kB
#48 13.84 dist/assets/LocationPicker-ASFNgnwt.js                16.52 kB │ gzip:  5.99 kB
#48 13.84 dist/assets/PerformancePage-GQxKjs8L.js               16.99 kB │ gzip:  4.70 kB
#48 13.84 dist/assets/ShiftFormPage-J5sF0qjk.js                 18.02 kB │ gzip:  5.66 kB
#48 13.84 dist/assets/index.esm-Cqny54eR.js                     18.67 kB │ gzip:  6.47 kB
#48 13.84 dist/assets/ProfilePage-rEVjGyeJ.js                   19.17 kB │ gzip:  6.32 kB
#48 13.84 dist/assets/browser-fxCp88pT.js                       23.47 kB │ gzip:  8.86 kB
#48 13.84 dist/assets/useFeedback-DYehBVSj.js                   24.00 kB │ gzip:  8.34 kB
#48 13.84 dist/assets/index.esm-DvhhkSeR.js                     27.77 kB │ gzip:  8.98 kB
#48 13.84 dist/assets/CalendarPage-CoLmgILZ.js                  30.75 kB │ gzip:  8.94 kB
#48 13.84 dist/assets/LiveFaceFlow-vycKjAdD.js                  41.12 kB │ gzip: 14.70 kB
#48 13.84 dist/assets/CompanyPolicyPage-COJ8wZvY.js             41.34 kB │ gzip: 11.90 kB
#48 13.84 dist/assets/apiClient-BNLhGiLj.js                     69.98 kB │ gzip: 25.38 kB
#48 13.84 dist/assets/QrScanPanel-DJZ_iseH.js                  132.31 kB │ gzip: 48.83 kB
#48 13.84 dist/assets/vision_bundle-B7O9jemT.js                153.21 kB │ gzip: 45.26 kB
#48 13.84 dist/assets/en-US-CFyRds5q.js                        166.27 kB │ gzip: 51.06 kB
#48 13.84 dist/assets/es-MX-BmS-HI-B.js                        175.89 kB │ gzip: 54.19 kB
#48 13.84 dist/assets/phone-dLpTpXyR.js                        229.22 kB │ gzip: 57.69 kB
#48 13.84 dist/assets/index-Db8Fq3Wo.js                        274.31 kB │ gzip: 86.06 kB
#48 13.84 
#48 13.84 ✓ built in 581ms
#48 DONE 13.9s

#53 [frontend build 8/8] RUN find dist -type f ( -name '*.js' -o -name '*.mjs' -o -name '*.css' -o -name '*.html' -o -name '*.json'       -o -name '*.svg' -o -name '*.wasm' -o -name '*.ttf' -o -name '*.webmanifest' ) -size +1k -exec gzip -9 -k {} +
#53 DONE 2.4s

#54 [frontend stage-1 6/9] COPY docker/generate-cert.sh /docker-entrypoint.d/05-generate-cert.sh
#54 CACHED

#55 [frontend stage-1 3/9] COPY docker/nginx.main.conf /etc/nginx/nginx.conf
#55 CACHED

#56 [frontend stage-1 7/9] COPY docker/10-trusted-proxies.sh /docker-entrypoint.d/10-trusted-proxies.sh
#56 CACHED

#57 [frontend stage-1 2/9] RUN apk add --no-cache openssl
#57 CACHED

#58 [frontend stage-1 4/9] COPY docker/nginx.conf /etc/nginx/conf.d/default.conf
#58 CACHED

#59 [frontend stage-1 5/9] COPY docker/proxy-headers.conf /etc/nginx/proxy-headers.conf
#59 CACHED

#60 [frontend stage-1 8/9] RUN chmod +x /docker-entrypoint.d/05-generate-cert.sh /docker-entrypoint.d/10-trusted-proxies.sh
#60 CACHED

#61 [frontend stage-1 9/9] COPY --from=build /app/dist /usr/share/nginx/html
#61 DONE 0.1s

#62 [frontend] exporting to image
#62 exporting layers
#62 exporting layers 1.1s done
#62 exporting manifest sha256:2e107e6121bca902d4d16801e3f88f330454fe311a1035f1dec25b94e42e3957 done
#62 exporting config sha256:f5f026af27477d171993d2213fa5e34fd03453d06b8edd2bf0edcec60cba8cfb done
#62 exporting attestation manifest sha256:f34a674262661220a9aec0c993034e253f2f62585af455dfb9f5d72974214873 done
#62 exporting manifest list sha256:f6f11eda61da677febd1a499321765d5551d4c3d2ad35aa67d41b46d24b37e15 done
#62 naming to docker.io/library/timeclock-scale-frontend:latest done
#62 unpacking to docker.io/library/timeclock-scale-frontend:latest
#62 unpacking to docker.io/library/timeclock-scale-frontend:latest 0.2s done
#62 DONE 1.3s

#63 [frontend] resolving provenance for metadata file
#63 DONE 0.0s
 Image timeclock-scale-frontend Built 
 Image timeclock-scale-migrate Built 
 Image timeclock-scale-pgbouncer Built 
 Image timeclock-scale-backend Built 
 Image timeclock-scale-db Built 
 Container timeclock-scale-pgbouncer-1 Running 
 Container timeclock-scale-db-1 Running 
 Container timeclock-scale-db-1 Waiting 
 Container timeclock-scale-db-1 Healthy 
 Container timeclock-scale-db-1 Waiting 
 Container timeclock-scale-pgbouncer-1 Waiting 
 Container timeclock-scale-pgbouncer-1 Healthy 
 Container timeclock-scale-db-1 Healthy 
 Container timeclock-scale-migrate-run-48688fc30a57 Creating 
 Container timeclock-scale-migrate-run-48688fc30a57 Created 
INFO  [alembic.runtime.migration] Context impl PostgresqlImpl.
INFO  [alembic.runtime.migration] Will assume transactional DDL.
Roles al día: API timeclock_app, plataforma timeclock_platform, solo lectura timeclock_readonly
 Container timeclock-scale-backend-1 Running 
 Container timeclock-scale-backend-2 Running 
 Container timeclock-scale-backend-3 Running 
 Container timeclock-scale-backend-6 Creating 
 Container timeclock-scale-backend-4 Creating 
 Container timeclock-scale-backend-5 Creating 
 Container timeclock-scale-backend-4 Created 
 Container timeclock-scale-backend-6 Created 
 Container timeclock-scale-backend-5 Created 
 Container timeclock-scale-backend-5 Starting 
 Container timeclock-scale-backend-5 Started 
 Container timeclock-scale-backend-6 Starting 
 Container timeclock-scale-backend-6 Started 
 Container timeclock-scale-backend-4 Starting 
 Container timeclock-scale-backend-4 Started 
 Container timeclock-scale-backend-4 Running 
 Container timeclock-scale-backend-5 Running 
 Container timeclock-scale-backend-6 Running 
 Container timeclock-scale-pgbouncer-1 Running 
 Container timeclock-scale-frontend-1 Recreate 
 Container timeclock-scale-frontend-1 Recreated 
 Container timeclock-scale-frontend-1 Starting 
 Container timeclock-scale-frontend-1 Started 
NAME                          IMAGE                                                                     COMMAND                  SERVICE     CREATED                  STATUS                                     PORTS
timeclock-scale-backend-4     timeclock-scale-backend                                                   "./entrypoint.sh"        backend     57 seconds ago           Up 57 seconds (healthy)                    8000/tcp
timeclock-scale-backend-5     timeclock-scale-backend                                                   "./entrypoint.sh"        backend     57 seconds ago           Up 57 seconds (healthy)                    8000/tcp
timeclock-scale-backend-6     timeclock-scale-backend                                                   "./entrypoint.sh"        backend     57 seconds ago           Up 57 seconds (healthy)                    8000/tcp
timeclock-scale-db-1          sha256:24b710076594e6b71841c28815c3490a7a4e2cc11b2ef3a292d853bbe5b004f0   "/usr/local/bin/time…"   db          9 minutes ago            Up 9 minutes (healthy)                     5432/tcp
timeclock-scale-frontend-1    timeclock-scale-frontend                                                  "/docker-entrypoint.…"   frontend    Less than a second ago   Up Less than a second (health: starting)   127.0.0.1:18080->80/tcp
timeclock-scale-pgbouncer-1   sha256:e0f82fb073b93c42821bfd46345967bed211399f79a08d759dc215a8d960b0cf   "/usr/local/bin/pgbo…"   pgbouncer   9 minutes ago            Up 9 minutes (healthy)                     6432/tcp
